Copyright 1986-2022 Xilinx, Inc. All Rights Reserved. Copyright 2022-2024 Advanced Micro Devices, Inc. All Rights Reserved.
---------------------------------------------------------------------------------------------------------------------------------------------------------------------------------------------------------------------
| Tool Version : Vivado v.2024.2 (win64) Build 5239630 Fri Nov 08 22:35:27 MST 2024
| Date         : Sat Oct 25 00:17:22 2025
| Host         : NoteFacu running 64-bit major release  (build 9200)
| Command      : report_timing_summary -max_paths 10 -report_unconstrained -file top_mult_timing_summary_routed.rpt -pb top_mult_timing_summary_routed.pb -rpx top_mult_timing_summary_routed.rpx -warn_on_violation
| Design       : top_mult
| Device       : 7a12ti-csg325
| Speed File   : -1L  PRODUCTION 1.23 2018-06-13
| Design State : Routed
---------------------------------------------------------------------------------------------------------------------------------------------------------------------------------------------------------------------

Timing Summary Report

------------------------------------------------------------------------------------------------
| Timer Settings
| --------------
------------------------------------------------------------------------------------------------

  Enable Multi Corner Analysis               :  Yes
  Enable Pessimism Removal                   :  Yes
  Pessimism Removal Resolution               :  Nearest Common Node
  Enable Input Delay Default Clock           :  No
  Enable Preset / Clear Arcs                 :  No
  Disable Flight Delays                      :  No
  Ignore I/O Paths                           :  No
  Timing Early Launch at Borrowing Latches   :  No
  Borrow Time for Max Delay Exceptions       :  Yes
  Merge Timing Exceptions                    :  Yes
  Inter-SLR Compensation                     :  Conservative

  Corner  Analyze    Analyze    
  Name    Max Paths  Min Paths  
  ------  ---------  ---------  
  Slow    Yes        Yes        
  Fast    Yes        Yes        


------------------------------------------------------------------------------------------------
| Report Methodology
| ------------------
------------------------------------------------------------------------------------------------

Rule     Severity  Description       Violations  
-------  --------  ----------------  ----------  
SYNTH-9  Warning   Small multiplier  9           

Note: This report is based on the most recent report_methodology run and may not be up-to-date. Run report_methodology on the current design for the latest report.



check_timing report

Table of Contents
-----------------
1. checking no_clock (0)
2. checking constant_clock (0)
3. checking pulse_width_clock (0)
4. checking unconstrained_internal_endpoints (0)
5. checking no_input_delay (0)
6. checking no_output_delay (0)
7. checking multiple_clock (0)
8. checking generated_clocks (0)
9. checking loops (0)
10. checking partial_input_delay (0)
11. checking partial_output_delay (0)
12. checking latch_loops (0)

1. checking no_clock (0)
------------------------
 There are 0 register/latch pins with no clock.


2. checking constant_clock (0)
------------------------------
 There are 0 register/latch pins with constant_clock.


3. checking pulse_width_clock (0)
---------------------------------
 There are 0 register/latch pins which need pulse_width check


4. checking unconstrained_internal_endpoints (0)
------------------------------------------------
 There are 0 pins that are not constrained for maximum delay.

 There are 0 pins that are not constrained for maximum delay due to constant clock.


5. checking no_input_delay (0)
------------------------------
 There are 0 input ports with no input delay specified.

 There are 0 input ports with no input delay but user has a false path constraint.


6. checking no_output_delay (0)
-------------------------------
 There are 0 ports with no output delay specified.

 There are 0 ports with no output delay but user has a false path constraint

 There are 0 ports with no output delay but with a timing clock defined on it or propagating through it


7. checking multiple_clock (0)
------------------------------
 There are 0 register/latch pins with multiple clocks.


8. checking generated_clocks (0)
--------------------------------
 There are 0 generated clocks that are not connected to a clock source.


9. checking loops (0)
---------------------
 There are 0 combinational loops in the design.


10. checking partial_input_delay (0)
------------------------------------
 There are 0 input ports with partial input delay specified.


11. checking partial_output_delay (0)
-------------------------------------
 There are 0 ports with partial output delay specified.


12. checking latch_loops (0)
----------------------------
 There are 0 combinational latch loops in the design through latch input



------------------------------------------------------------------------------------------------
| Design Timing Summary
| ---------------------
------------------------------------------------------------------------------------------------

    WNS(ns)      TNS(ns)  TNS Failing Endpoints  TNS Total Endpoints      WHS(ns)      THS(ns)  THS Failing Endpoints  THS Total Endpoints     WPWS(ns)     TPWS(ns)  TPWS Failing Endpoints  TPWS Total Endpoints  
    -------      -------  ---------------------  -------------------      -------      -------  ---------------------  -------------------     --------     --------  ----------------------  --------------------  
        inf        0.000                      0                   13          inf        0.000                      0                   13           NA           NA                      NA                    NA  


There are no user specified timing constraints.


------------------------------------------------------------------------------------------------
| Clock Summary
| -------------
------------------------------------------------------------------------------------------------


------------------------------------------------------------------------------------------------
| Intra Clock Table
| -----------------
------------------------------------------------------------------------------------------------

Clock             WNS(ns)      TNS(ns)  TNS Failing Endpoints  TNS Total Endpoints      WHS(ns)      THS(ns)  THS Failing Endpoints  THS Total Endpoints     WPWS(ns)     TPWS(ns)  TPWS Failing Endpoints  TPWS Total Endpoints  
-----             -------      -------  ---------------------  -------------------      -------      -------  ---------------------  -------------------     --------     --------  ----------------------  --------------------  


------------------------------------------------------------------------------------------------
| Inter Clock Table
| -----------------
------------------------------------------------------------------------------------------------

From Clock    To Clock          WNS(ns)      TNS(ns)  TNS Failing Endpoints  TNS Total Endpoints      WHS(ns)      THS(ns)  THS Failing Endpoints  THS Total Endpoints  
----------    --------          -------      -------  ---------------------  -------------------      -------      -------  ---------------------  -------------------  


------------------------------------------------------------------------------------------------
| Other Path Groups Table
| -----------------------
------------------------------------------------------------------------------------------------

Path Group    From Clock    To Clock          WNS(ns)      TNS(ns)  TNS Failing Endpoints  TNS Total Endpoints      WHS(ns)      THS(ns)  THS Failing Endpoints  THS Total Endpoints  
----------    ----------    --------          -------      -------  ---------------------  -------------------      -------      -------  ---------------------  -------------------  


------------------------------------------------------------------------------------------------
| User Ignored Path Table
| -----------------------
------------------------------------------------------------------------------------------------

Path Group    From Clock    To Clock    
----------    ----------    --------    


------------------------------------------------------------------------------------------------
| Unconstrained Path Table
| ------------------------
------------------------------------------------------------------------------------------------

Path Group    From Clock    To Clock    
----------    ----------    --------    
(none)                                    


------------------------------------------------------------------------------------------------
| Timing Details
| --------------
------------------------------------------------------------------------------------------------


--------------------------------------------------------------------------------------
Path Group:  (none)
From Clock:  
  To Clock:  

Max Delay            13 Endpoints
Min Delay            13 Endpoints
--------------------------------------------------------------------------------------


Max Delay Paths
--------------------------------------------------------------------------------------
Slack:                    inf
  Source:                 i_inputA[3]
                            (input port)
  Destination:            o_result[7]
                            (output port)
  Path Group:             (none)
  Path Type:              Max at Slow Process Corner
  Data Path Delay:        14.003ns  (logic 5.909ns (42.199%)  route 8.094ns (57.801%))
  Logic Levels:           9  (CARRY4=3 IBUF=1 LUT4=1 LUT6=3 OBUF=1)

    Location             Delay type                Incr(ns)  Path(ns)    Netlist Resource(s)
  -------------------------------------------------------------------    -------------------
    V11                                               0.000     0.000 r  i_inputA[3] (IN)
                         net (fo=0)                   0.000     0.000    i_inputA[3]
    V11                  IBUF (Prop_ibuf_I_O)         0.958     0.958 r  i_inputA_IBUF[3]_inst/O
                         net (fo=21, routed)          2.454     3.413    u_adder_w_mult/i_inputA_IBUF[3]
    SLICE_X5Y18          LUT6 (Prop_lut6_I1_O)        0.124     3.537 r  u_adder_w_mult/o_result_OBUF[7]_inst_i_31/O
                         net (fo=2, routed)           1.128     4.664    u_adder_w_mult/o_result_OBUF[7]_inst_i_31_n_0
    SLICE_X2Y18          LUT6 (Prop_lut6_I0_O)        0.124     4.788 r  u_adder_w_mult/o_result_OBUF[7]_inst_i_35/O
                         net (fo=1, routed)           0.000     4.788    u_adder_w_mult/o_result_OBUF[7]_inst_i_35_n_0
    SLICE_X2Y18          CARRY4 (Prop_carry4_S[0]_O[2])
                                                      0.544     5.332 r  u_adder_w_mult/o_result_OBUF[7]_inst_i_13/O[2]
                         net (fo=5, routed)           1.170     6.503    u_adder_w_mult/o_result_OBUF[7]_inst_i_13_n_5
    SLICE_X4Y19          LUT4 (Prop_lut4_I2_O)        0.327     6.830 r  u_adder_w_mult/o_result_OBUF[3]_inst_i_19/O
                         net (fo=1, routed)           0.658     7.488    u_adder_w_mult/o_result_OBUF[3]_inst_i_19_n_0
    SLICE_X4Y18          LUT6 (Prop_lut6_I3_O)        0.332     7.820 r  u_adder_w_mult/o_result_OBUF[3]_inst_i_3/O
                         net (fo=1, routed)           0.561     8.381    u_adder_w_mult/o_result_OBUF[3]_inst_i_3_n_0
    SLICE_X3Y18          CARRY4 (Prop_carry4_DI[3]_CO[3])
                                                      0.385     8.766 r  u_adder_w_mult/o_result_OBUF[3]_inst_i_1/CO[3]
                         net (fo=1, routed)           0.000     8.766    u_adder_w_mult/o_result_OBUF[3]_inst_i_1_n_0
    SLICE_X3Y19          CARRY4 (Prop_carry4_CI_O[3])
                                                      0.313     9.079 r  u_adder_w_mult/o_result_OBUF[7]_inst_i_1/O[3]
                         net (fo=1, routed)           2.122    11.201    o_result_OBUF[7]
    N14                  OBUF (Prop_obuf_I_O)         2.802    14.003 r  o_result_OBUF[7]_inst/O
                         net (fo=0)                   0.000    14.003    o_result[7]
    N14                                                               r  o_result[7] (OUT)
  -------------------------------------------------------------------    -------------------

Slack:                    inf
  Source:                 i_inputA[3]
                            (input port)
  Destination:            o_result[5]
                            (output port)
  Path Group:             (none)
  Path Type:              Max at Slow Process Corner
  Data Path Delay:        13.990ns  (logic 5.921ns (42.326%)  route 8.068ns (57.674%))
  Logic Levels:           9  (CARRY4=3 IBUF=1 LUT4=1 LUT6=3 OBUF=1)

    Location             Delay type                Incr(ns)  Path(ns)    Netlist Resource(s)
  -------------------------------------------------------------------    -------------------
    V11                                               0.000     0.000 r  i_inputA[3] (IN)
                         net (fo=0)                   0.000     0.000    i_inputA[3]
    V11                  IBUF (Prop_ibuf_I_O)         0.958     0.958 r  i_inputA_IBUF[3]_inst/O
                         net (fo=21, routed)          2.454     3.413    u_adder_w_mult/i_inputA_IBUF[3]
    SLICE_X5Y18          LUT6 (Prop_lut6_I1_O)        0.124     3.537 r  u_adder_w_mult/o_result_OBUF[7]_inst_i_31/O
                         net (fo=2, routed)           1.128     4.664    u_adder_w_mult/o_result_OBUF[7]_inst_i_31_n_0
    SLICE_X2Y18          LUT6 (Prop_lut6_I0_O)        0.124     4.788 r  u_adder_w_mult/o_result_OBUF[7]_inst_i_35/O
                         net (fo=1, routed)           0.000     4.788    u_adder_w_mult/o_result_OBUF[7]_inst_i_35_n_0
    SLICE_X2Y18          CARRY4 (Prop_carry4_S[0]_O[2])
                                                      0.544     5.332 r  u_adder_w_mult/o_result_OBUF[7]_inst_i_13/O[2]
                         net (fo=5, routed)           1.170     6.503    u_adder_w_mult/o_result_OBUF[7]_inst_i_13_n_5
    SLICE_X4Y19          LUT4 (Prop_lut4_I2_O)        0.327     6.830 r  u_adder_w_mult/o_result_OBUF[3]_inst_i_19/O
                         net (fo=1, routed)           0.658     7.488    u_adder_w_mult/o_result_OBUF[3]_inst_i_19_n_0
    SLICE_X4Y18          LUT6 (Prop_lut6_I3_O)        0.332     7.820 r  u_adder_w_mult/o_result_OBUF[3]_inst_i_3/O
                         net (fo=1, routed)           0.561     8.381    u_adder_w_mult/o_result_OBUF[3]_inst_i_3_n_0
    SLICE_X3Y18          CARRY4 (Prop_carry4_DI[3]_CO[3])
                                                      0.385     8.766 r  u_adder_w_mult/o_result_OBUF[3]_inst_i_1/CO[3]
                         net (fo=1, routed)           0.000     8.766    u_adder_w_mult/o_result_OBUF[3]_inst_i_1_n_0
    SLICE_X3Y19          CARRY4 (Prop_carry4_CI_O[1])
                                                      0.334     9.100 r  u_adder_w_mult/o_result_OBUF[7]_inst_i_1/O[1]
                         net (fo=1, routed)           2.097    11.197    o_result_OBUF[5]
    N17                  OBUF (Prop_obuf_I_O)         2.793    13.990 r  o_result_OBUF[5]_inst/O
                         net (fo=0)                   0.000    13.990    o_result[5]
    N17                                                               r  o_result[5] (OUT)
  -------------------------------------------------------------------    -------------------

Slack:                    inf
  Source:                 i_inputA[3]
                            (input port)
  Destination:            o_result[6]
                            (output port)
  Path Group:             (none)
  Path Type:              Max at Slow Process Corner
  Data Path Delay:        13.898ns  (logic 5.825ns (41.913%)  route 8.073ns (58.087%))
  Logic Levels:           9  (CARRY4=3 IBUF=1 LUT4=1 LUT6=3 OBUF=1)

    Location             Delay type                Incr(ns)  Path(ns)    Netlist Resource(s)
  -------------------------------------------------------------------    -------------------
    V11                                               0.000     0.000 r  i_inputA[3] (IN)
                         net (fo=0)                   0.000     0.000    i_inputA[3]
    V11                  IBUF (Prop_ibuf_I_O)         0.958     0.958 r  i_inputA_IBUF[3]_inst/O
                         net (fo=21, routed)          2.454     3.413    u_adder_w_mult/i_inputA_IBUF[3]
    SLICE_X5Y18          LUT6 (Prop_lut6_I1_O)        0.124     3.537 r  u_adder_w_mult/o_result_OBUF[7]_inst_i_31/O
                         net (fo=2, routed)           1.128     4.664    u_adder_w_mult/o_result_OBUF[7]_inst_i_31_n_0
    SLICE_X2Y18          LUT6 (Prop_lut6_I0_O)        0.124     4.788 r  u_adder_w_mult/o_result_OBUF[7]_inst_i_35/O
                         net (fo=1, routed)           0.000     4.788    u_adder_w_mult/o_result_OBUF[7]_inst_i_35_n_0
    SLICE_X2Y18          CARRY4 (Prop_carry4_S[0]_O[2])
                                                      0.544     5.332 r  u_adder_w_mult/o_result_OBUF[7]_inst_i_13/O[2]
                         net (fo=5, routed)           1.170     6.503    u_adder_w_mult/o_result_OBUF[7]_inst_i_13_n_5
    SLICE_X4Y19          LUT4 (Prop_lut4_I2_O)        0.327     6.830 r  u_adder_w_mult/o_result_OBUF[3]_inst_i_19/O
                         net (fo=1, routed)           0.658     7.488    u_adder_w_mult/o_result_OBUF[3]_inst_i_19_n_0
    SLICE_X4Y18          LUT6 (Prop_lut6_I3_O)        0.332     7.820 r  u_adder_w_mult/o_result_OBUF[3]_inst_i_3/O
                         net (fo=1, routed)           0.561     8.381    u_adder_w_mult/o_result_OBUF[3]_inst_i_3_n_0
    SLICE_X3Y18          CARRY4 (Prop_carry4_DI[3]_CO[3])
                                                      0.385     8.766 r  u_adder_w_mult/o_result_OBUF[3]_inst_i_1/CO[3]
                         net (fo=1, routed)           0.000     8.766    u_adder_w_mult/o_result_OBUF[3]_inst_i_1_n_0
    SLICE_X3Y19          CARRY4 (Prop_carry4_CI_O[2])
                                                      0.239     9.005 r  u_adder_w_mult/o_result_OBUF[7]_inst_i_1/O[2]
                         net (fo=1, routed)           2.101    11.106    o_result_OBUF[6]
    N16                  OBUF (Prop_obuf_I_O)         2.792    13.898 r  o_result_OBUF[6]_inst/O
                         net (fo=0)                   0.000    13.898    o_result[6]
    N16                                                               r  o_result[6] (OUT)
  -------------------------------------------------------------------    -------------------

Slack:                    inf
  Source:                 i_inputA[3]
                            (input port)
  Destination:            o_result[4]
                            (output port)
  Path Group:             (none)
  Path Type:              Max at Slow Process Corner
  Data Path Delay:        13.872ns  (logic 5.807ns (41.859%)  route 8.065ns (58.141%))
  Logic Levels:           9  (CARRY4=3 IBUF=1 LUT4=1 LUT6=3 OBUF=1)

    Location             Delay type                Incr(ns)  Path(ns)    Netlist Resource(s)
  -------------------------------------------------------------------    -------------------
    V11                                               0.000     0.000 r  i_inputA[3] (IN)
                         net (fo=0)                   0.000     0.000    i_inputA[3]
    V11                  IBUF (Prop_ibuf_I_O)         0.958     0.958 r  i_inputA_IBUF[3]_inst/O
                         net (fo=21, routed)          2.454     3.413    u_adder_w_mult/i_inputA_IBUF[3]
    SLICE_X5Y18          LUT6 (Prop_lut6_I1_O)        0.124     3.537 r  u_adder_w_mult/o_result_OBUF[7]_inst_i_31/O
                         net (fo=2, routed)           1.128     4.664    u_adder_w_mult/o_result_OBUF[7]_inst_i_31_n_0
    SLICE_X2Y18          LUT6 (Prop_lut6_I0_O)        0.124     4.788 r  u_adder_w_mult/o_result_OBUF[7]_inst_i_35/O
                         net (fo=1, routed)           0.000     4.788    u_adder_w_mult/o_result_OBUF[7]_inst_i_35_n_0
    SLICE_X2Y18          CARRY4 (Prop_carry4_S[0]_O[2])
                                                      0.544     5.332 r  u_adder_w_mult/o_result_OBUF[7]_inst_i_13/O[2]
                         net (fo=5, routed)           1.170     6.503    u_adder_w_mult/o_result_OBUF[7]_inst_i_13_n_5
    SLICE_X4Y19          LUT4 (Prop_lut4_I2_O)        0.327     6.830 r  u_adder_w_mult/o_result_OBUF[3]_inst_i_19/O
                         net (fo=1, routed)           0.658     7.488    u_adder_w_mult/o_result_OBUF[3]_inst_i_19_n_0
    SLICE_X4Y18          LUT6 (Prop_lut6_I3_O)        0.332     7.820 r  u_adder_w_mult/o_result_OBUF[3]_inst_i_3/O
                         net (fo=1, routed)           0.561     8.381    u_adder_w_mult/o_result_OBUF[3]_inst_i_3_n_0
    SLICE_X3Y18          CARRY4 (Prop_carry4_DI[3]_CO[3])
                                                      0.385     8.766 r  u_adder_w_mult/o_result_OBUF[3]_inst_i_1/CO[3]
                         net (fo=1, routed)           0.000     8.766    u_adder_w_mult/o_result_OBUF[3]_inst_i_1_n_0
    SLICE_X3Y19          CARRY4 (Prop_carry4_CI_O[0])
                                                      0.222     8.988 r  u_adder_w_mult/o_result_OBUF[7]_inst_i_1/O[0]
                         net (fo=1, routed)           2.093    11.082    o_result_OBUF[4]
    N18                  OBUF (Prop_obuf_I_O)         2.790    13.872 r  o_result_OBUF[4]_inst/O
                         net (fo=0)                   0.000    13.872    o_result[4]
    N18                                                               r  o_result[4] (OUT)
  -------------------------------------------------------------------    -------------------

Slack:                    inf
  Source:                 i_inputA[4]
                            (input port)
  Destination:            o_result[3]
                            (output port)
  Path Group:             (none)
  Path Type:              Max at Slow Process Corner
  Data Path Delay:        13.123ns  (logic 5.639ns (42.970%)  route 7.484ns (57.030%))
  Logic Levels:           9  (CARRY4=3 IBUF=1 LUT4=1 LUT6=3 OBUF=1)

    Location             Delay type                Incr(ns)  Path(ns)    Netlist Resource(s)
  -------------------------------------------------------------------    -------------------
    U11                                               0.000     0.000 r  i_inputA[4] (IN)
                         net (fo=0)                   0.000     0.000    i_inputA[4]
    U11                  IBUF (Prop_ibuf_I_O)         0.955     0.955 r  i_inputA_IBUF[4]_inst/O
                         net (fo=19, routed)          2.077     3.032    u_adder_w_mult/i_inputA_IBUF[4]
    SLICE_X0Y16          LUT6 (Prop_lut6_I4_O)        0.124     3.156 r  u_adder_w_mult/o_result_OBUF[3]_inst_i_30/O
                         net (fo=2, routed)           1.352     4.508    u_adder_w_mult/o_result_OBUF[3]_inst_i_30_n_0
    SLICE_X1Y16          LUT6 (Prop_lut6_I0_O)        0.124     4.632 r  u_adder_w_mult/o_result_OBUF[3]_inst_i_34/O
                         net (fo=1, routed)           0.000     4.632    u_adder_w_mult/o_result_OBUF[3]_inst_i_34_n_0
    SLICE_X1Y16          CARRY4 (Prop_carry4_S[2]_CO[3])
                                                      0.398     5.030 r  u_adder_w_mult/o_result_OBUF[3]_inst_i_12/CO[3]
                         net (fo=1, routed)           0.000     5.030    u_adder_w_mult/o_result_OBUF[3]_inst_i_12_n_0
    SLICE_X1Y17          CARRY4 (Prop_carry4_CI_O[0])
                                                      0.222     5.252 r  u_adder_w_mult/o_result_OBUF[7]_inst_i_14/O[0]
                         net (fo=5, routed)           0.919     6.171    u_adder_w_mult/o_result_OBUF[7]_inst_i_14_n_7
    SLICE_X4Y17          LUT4 (Prop_lut4_I3_O)        0.299     6.470 r  u_adder_w_mult/o_result_OBUF[3]_inst_i_21/O
                         net (fo=2, routed)           0.413     6.883    u_adder_w_mult/o_result_OBUF[3]_inst_i_21_n_0
    SLICE_X5Y17          LUT6 (Prop_lut6_I3_O)        0.124     7.007 r  u_adder_w_mult/o_result_OBUF[3]_inst_i_5/O
                         net (fo=1, routed)           0.772     7.778    u_adder_w_mult/o_result_OBUF[3]_inst_i_5_n_0
    SLICE_X3Y18          CARRY4 (Prop_carry4_DI[1]_O[3])
                                                      0.596     8.374 r  u_adder_w_mult/o_result_OBUF[3]_inst_i_1/O[3]
                         net (fo=1, routed)           1.952    10.326    o_result_OBUF[3]
    P18                  OBUF (Prop_obuf_I_O)         2.797    13.123 r  o_result_OBUF[3]_inst/O
                         net (fo=0)                   0.000    13.123    o_result[3]
    P18                                                               r  o_result[3] (OUT)
  -------------------------------------------------------------------    -------------------

Slack:                    inf
  Source:                 i_inputA[4]
                            (input port)
  Destination:            o_result[2]
                            (output port)
  Path Group:             (none)
  Path Type:              Max at Slow Process Corner
  Data Path Delay:        13.045ns  (logic 5.575ns (42.733%)  route 7.471ns (57.267%))
  Logic Levels:           9  (CARRY4=3 IBUF=1 LUT4=1 LUT6=3 OBUF=1)

    Location             Delay type                Incr(ns)  Path(ns)    Netlist Resource(s)
  -------------------------------------------------------------------    -------------------
    U11                                               0.000     0.000 r  i_inputA[4] (IN)
                         net (fo=0)                   0.000     0.000    i_inputA[4]
    U11                  IBUF (Prop_ibuf_I_O)         0.955     0.955 r  i_inputA_IBUF[4]_inst/O
                         net (fo=19, routed)          2.077     3.032    u_adder_w_mult/i_inputA_IBUF[4]
    SLICE_X0Y16          LUT6 (Prop_lut6_I4_O)        0.124     3.156 r  u_adder_w_mult/o_result_OBUF[3]_inst_i_30/O
                         net (fo=2, routed)           1.352     4.508    u_adder_w_mult/o_result_OBUF[3]_inst_i_30_n_0
    SLICE_X1Y16          LUT6 (Prop_lut6_I0_O)        0.124     4.632 r  u_adder_w_mult/o_result_OBUF[3]_inst_i_34/O
                         net (fo=1, routed)           0.000     4.632    u_adder_w_mult/o_result_OBUF[3]_inst_i_34_n_0
    SLICE_X1Y16          CARRY4 (Prop_carry4_S[2]_CO[3])
                                                      0.398     5.030 r  u_adder_w_mult/o_result_OBUF[3]_inst_i_12/CO[3]
                         net (fo=1, routed)           0.000     5.030    u_adder_w_mult/o_result_OBUF[3]_inst_i_12_n_0
    SLICE_X1Y17          CARRY4 (Prop_carry4_CI_O[0])
                                                      0.222     5.252 r  u_adder_w_mult/o_result_OBUF[7]_inst_i_14/O[0]
                         net (fo=5, routed)           0.919     6.171    u_adder_w_mult/o_result_OBUF[7]_inst_i_14_n_7
    SLICE_X4Y17          LUT4 (Prop_lut4_I3_O)        0.299     6.470 r  u_adder_w_mult/o_result_OBUF[3]_inst_i_21/O
                         net (fo=2, routed)           0.413     6.883    u_adder_w_mult/o_result_OBUF[3]_inst_i_21_n_0
    SLICE_X5Y17          LUT6 (Prop_lut6_I3_O)        0.124     7.007 r  u_adder_w_mult/o_result_OBUF[3]_inst_i_5/O
                         net (fo=1, routed)           0.772     7.778    u_adder_w_mult/o_result_OBUF[3]_inst_i_5_n_0
    SLICE_X3Y18          CARRY4 (Prop_carry4_DI[1]_O[2])
                                                      0.537     8.315 r  u_adder_w_mult/o_result_OBUF[3]_inst_i_1/O[2]
                         net (fo=1, routed)           1.938    10.254    o_result_OBUF[2]
    P15                  OBUF (Prop_obuf_I_O)         2.792    13.045 r  o_result_OBUF[2]_inst/O
                         net (fo=0)                   0.000    13.045    o_result[2]
    P15                                                               r  o_result[2] (OUT)
  -------------------------------------------------------------------    -------------------

Slack:                    inf
  Source:                 i_inputA[4]
                            (input port)
  Destination:            o_result[1]
                            (output port)
  Path Group:             (none)
  Path Type:              Max at Slow Process Corner
  Data Path Delay:        12.829ns  (logic 4.896ns (38.164%)  route 7.933ns (61.836%))
  Logic Levels:           8  (CARRY4=2 IBUF=1 LUT4=1 LUT6=3 OBUF=1)

    Location             Delay type                Incr(ns)  Path(ns)    Netlist Resource(s)
  -------------------------------------------------------------------    -------------------
    U11                                               0.000     0.000 r  i_inputA[4] (IN)
                         net (fo=0)                   0.000     0.000    i_inputA[4]
    U11                  IBUF (Prop_ibuf_I_O)         0.955     0.955 r  i_inputA_IBUF[4]_inst/O
                         net (fo=19, routed)          2.077     3.032    u_adder_w_mult/i_inputA_IBUF[4]
    SLICE_X0Y16          LUT6 (Prop_lut6_I4_O)        0.124     3.156 r  u_adder_w_mult/o_result_OBUF[3]_inst_i_30/O
                         net (fo=2, routed)           1.352     4.508    u_adder_w_mult/o_result_OBUF[3]_inst_i_30_n_0
    SLICE_X1Y16          LUT6 (Prop_lut6_I0_O)        0.124     4.632 r  u_adder_w_mult/o_result_OBUF[3]_inst_i_34/O
                         net (fo=1, routed)           0.000     4.632    u_adder_w_mult/o_result_OBUF[3]_inst_i_34_n_0
    SLICE_X1Y16          CARRY4 (Prop_carry4_S[2]_O[2])
                                                      0.248     4.880 r  u_adder_w_mult/o_result_OBUF[3]_inst_i_12/O[2]
                         net (fo=6, routed)           1.401     6.281    u_adder_w_mult/o_result_OBUF[3]_inst_i_12_n_5
    SLICE_X5Y18          LUT4 (Prop_lut4_I0_O)        0.302     6.583 r  u_adder_w_mult/o_result_OBUF[3]_inst_i_26/O
                         net (fo=2, routed)           1.005     7.587    u_adder_w_mult/o_result_OBUF[3]_inst_i_26_n_0
    SLICE_X3Y18          LUT6 (Prop_lut6_I1_O)        0.124     7.711 r  u_adder_w_mult/o_result_OBUF[3]_inst_i_9/O
                         net (fo=1, routed)           0.000     7.711    u_adder_w_mult/o_result_OBUF[3]_inst_i_9_n_0
    SLICE_X3Y18          CARRY4 (Prop_carry4_S[1]_O[1])
                                                      0.227     7.938 r  u_adder_w_mult/o_result_OBUF[3]_inst_i_1/O[1]
                         net (fo=1, routed)           2.099    10.037    o_result_OBUF[1]
    P16                  OBUF (Prop_obuf_I_O)         2.792    12.829 r  o_result_OBUF[1]_inst/O
                         net (fo=0)                   0.000    12.829    o_result[1]
    P16                                                               r  o_result[1] (OUT)
  -------------------------------------------------------------------    -------------------

Slack:                    inf
  Source:                 i_inputA[4]
                            (input port)
  Destination:            o_result[0]
                            (output port)
  Path Group:             (none)
  Path Type:              Max at Slow Process Corner
  Data Path Delay:        12.127ns  (logic 5.026ns (41.445%)  route 7.101ns (58.555%))
  Logic Levels:           8  (CARRY4=2 IBUF=1 LUT4=1 LUT5=1 LUT6=2 OBUF=1)

    Location             Delay type                Incr(ns)  Path(ns)    Netlist Resource(s)
  -------------------------------------------------------------------    -------------------
    U11                                               0.000     0.000 r  i_inputA[4] (IN)
                         net (fo=0)                   0.000     0.000    i_inputA[4]
    U11                  IBUF (Prop_ibuf_I_O)         0.955     0.955 r  i_inputA_IBUF[4]_inst/O
                         net (fo=19, routed)          2.077     3.032    u_adder_w_mult/i_inputA_IBUF[4]
    SLICE_X0Y16          LUT6 (Prop_lut6_I4_O)        0.124     3.156 r  u_adder_w_mult/o_result_OBUF[3]_inst_i_30/O
                         net (fo=2, routed)           1.352     4.508    u_adder_w_mult/o_result_OBUF[3]_inst_i_30_n_0
    SLICE_X1Y16          LUT6 (Prop_lut6_I0_O)        0.124     4.632 r  u_adder_w_mult/o_result_OBUF[3]_inst_i_34/O
                         net (fo=1, routed)           0.000     4.632    u_adder_w_mult/o_result_OBUF[3]_inst_i_34_n_0
    SLICE_X1Y16          CARRY4 (Prop_carry4_S[2]_O[3])
                                                      0.352     4.984 r  u_adder_w_mult/o_result_OBUF[3]_inst_i_12/O[3]
                         net (fo=2, routed)           0.827     5.811    u_adder_w_mult/o_result_OBUF[3]_inst_i_12_n_4
    SLICE_X1Y18          LUT4 (Prop_lut4_I3_O)        0.306     6.117 r  u_adder_w_mult/o_result_OBUF[3]_inst_i_6/O
                         net (fo=2, routed)           0.777     6.893    u_adder_w_mult/o_result_OBUF[3]_inst_i_6_n_0
    SLICE_X3Y18          LUT5 (Prop_lut5_I0_O)        0.124     7.017 r  u_adder_w_mult/o_result_OBUF[3]_inst_i_10/O
                         net (fo=1, routed)           0.000     7.017    u_adder_w_mult/o_result_OBUF[3]_inst_i_10_n_0
    SLICE_X3Y18          CARRY4 (Prop_carry4_S[0]_O[0])
                                                      0.247     7.264 r  u_adder_w_mult/o_result_OBUF[3]_inst_i_1/O[0]
                         net (fo=1, routed)           2.068     9.333    o_result_OBUF[0]
    P14                  OBUF (Prop_obuf_I_O)         2.794    12.127 r  o_result_OBUF[0]_inst/O
                         net (fo=0)                   0.000    12.127    o_result[0]
    P14                                                               r  o_result[0] (OUT)
  -------------------------------------------------------------------    -------------------

Slack:                    inf
  Source:                 i_inputA[8]
                            (input port)
  Destination:            o_result[11]
                            (output port)
  Path Group:             (none)
  Path Type:              Max at Slow Process Corner
  Data Path Delay:        8.366ns  (logic 3.810ns (45.539%)  route 4.556ns (54.461%))
  Logic Levels:           4  (IBUF=1 LUT4=1 LUT5=1 OBUF=1)

    Location             Delay type                Incr(ns)  Path(ns)    Netlist Resource(s)
  -------------------------------------------------------------------    -------------------
    V12                                               0.000     0.000 r  i_inputA[8] (IN)
                         net (fo=0)                   0.000     0.000    i_inputA[8]
    V12                  IBUF (Prop_ibuf_I_O)         0.965     0.965 r  i_inputA_IBUF[8]_inst/O
                         net (fo=4, routed)           1.600     2.565    u_adder_w_mult/i_inputA_IBUF[8]
    SLICE_X0Y22          LUT4 (Prop_lut4_I3_O)        0.124     2.689 r  u_adder_w_mult/resultado0_inferred__0/o_result_OBUF[11]_inst_i_2/O
                         net (fo=1, routed)           0.804     3.493    u_adder_w_mult/resultado0_inferred__0/o_result_OBUF[11]_inst_i_2_n_0
    SLICE_X0Y22          LUT5 (Prop_lut5_I0_O)        0.124     3.617 r  u_adder_w_mult/resultado0_inferred__0/o_result_OBUF[11]_inst_i_1/O
                         net (fo=1, routed)           2.152     5.769    o_result_OBUF[11]
    M15                  OBUF (Prop_obuf_I_O)         2.597     8.366 r  o_result_OBUF[11]_inst/O
                         net (fo=0)                   0.000     8.366    o_result[11]
    M15                                                               r  o_result[11] (OUT)
  -------------------------------------------------------------------    -------------------

Slack:                    inf
  Source:                 i_inputA[8]
                            (input port)
  Destination:            o_result[9]
                            (output port)
  Path Group:             (none)
  Path Type:              Max at Slow Process Corner
  Data Path Delay:        7.656ns  (logic 3.925ns (51.268%)  route 3.731ns (48.732%))
  Logic Levels:           3  (IBUF=1 LUT4=1 OBUF=1)

    Location             Delay type                Incr(ns)  Path(ns)    Netlist Resource(s)
  -------------------------------------------------------------------    -------------------
    V12                                               0.000     0.000 r  i_inputA[8] (IN)
                         net (fo=0)                   0.000     0.000    i_inputA[8]
    V12                  IBUF (Prop_ibuf_I_O)         0.965     0.965 r  i_inputA_IBUF[8]_inst/O
                         net (fo=4, routed)           1.600     2.565    u_adder_w_mult/i_inputA_IBUF[8]
    SLICE_X0Y22          LUT4 (Prop_lut4_I1_O)        0.150     2.715 r  u_adder_w_mult/resultado0_inferred__0/o_result_OBUF[9]_inst_i_1/O
                         net (fo=1, routed)           2.131     4.846    o_result_OBUF[9]
    M17                  OBUF (Prop_obuf_I_O)         2.810     7.656 r  o_result_OBUF[9]_inst/O
                         net (fo=0)                   0.000     7.656    o_result[9]
    M17                                                               r  o_result[9] (OUT)
  -------------------------------------------------------------------    -------------------





Min Delay Paths
--------------------------------------------------------------------------------------
Slack:                    inf
  Source:                 i_inputB[12]
                            (input port)
  Destination:            o_result[12]
                            (output port)
  Path Group:             (none)
  Path Type:              Min at Fast Process Corner
  Data Path Delay:        2.157ns  (logic 1.339ns (62.048%)  route 0.819ns (37.952%))
  Logic Levels:           3  (IBUF=1 LUT2=1 OBUF=1)

    Location             Delay type                Incr(ns)  Path(ns)    Netlist Resource(s)
  -------------------------------------------------------------------    -------------------
    R15                                               0.000     0.000 r  i_inputB[12] (IN)
                         net (fo=0)                   0.000     0.000    i_inputB[12]
    R15                  IBUF (Prop_ibuf_I_O)         0.181     0.181 r  i_inputB_IBUF[12]_inst/O
                         net (fo=1, routed)           0.335     0.516    i_inputB_IBUF[12]
    SLICE_X0Y25          LUT2 (Prop_lut2_I0_O)        0.045     0.561 r  o_result_OBUF[12]_inst_i_1/O
                         net (fo=1, routed)           0.484     1.045    o_result_OBUF[12]
    L15                  OBUF (Prop_obuf_I_O)         1.113     2.157 r  o_result_OBUF[12]_inst/O
                         net (fo=0)                   0.000     2.157    o_result[12]
    L15                                                               r  o_result[12] (OUT)
  -------------------------------------------------------------------    -------------------

Slack:                    inf
  Source:                 i_inputB[10]
                            (input port)
  Destination:            o_result[10]
                            (output port)
  Path Group:             (none)
  Path Type:              Min at Fast Process Corner
  Data Path Delay:        2.255ns  (logic 1.366ns (60.549%)  route 0.890ns (39.451%))
  Logic Levels:           3  (IBUF=1 LUT6=1 OBUF=1)

    Location             Delay type                Incr(ns)  Path(ns)    Netlist Resource(s)
  -------------------------------------------------------------------    -------------------
    T15                                               0.000     0.000 r  i_inputB[10] (IN)
                         net (fo=0)                   0.000     0.000    i_inputB[10]
    T15                  IBUF (Prop_ibuf_I_O)         0.194     0.194 r  i_inputB_IBUF[10]_inst/O
                         net (fo=2, routed)           0.353     0.548    u_adder_w_mult/i_inputB_IBUF[10]
    SLICE_X0Y22          LUT6 (Prop_lut6_I4_O)        0.045     0.593 r  u_adder_w_mult/resultado0_inferred__0/o_result_OBUF[10]_inst_i_1/O
                         net (fo=1, routed)           0.537     1.129    o_result_OBUF[10]
    M16                  OBUF (Prop_obuf_I_O)         1.126     2.255 r  o_result_OBUF[10]_inst/O
                         net (fo=0)                   0.000     2.255    o_result[10]
    M16                                                               r  o_result[10] (OUT)
  -------------------------------------------------------------------    -------------------

Slack:                    inf
  Source:                 i_inputB[11]
                            (input port)
  Destination:            o_result[11]
                            (output port)
  Path Group:             (none)
  Path Type:              Min at Fast Process Corner
  Data Path Delay:        2.343ns  (logic 1.355ns (57.816%)  route 0.988ns (42.184%))
  Logic Levels:           3  (IBUF=1 LUT5=1 OBUF=1)

    Location             Delay type                Incr(ns)  Path(ns)    Netlist Resource(s)
  -------------------------------------------------------------------    -------------------
    T14                                               0.000     0.000 r  i_inputB[11] (IN)
                         net (fo=0)                   0.000     0.000    i_inputB[11]
    T14                  IBUF (Prop_ibuf_I_O)         0.195     0.195 r  i_inputB_IBUF[11]_inst/O
                         net (fo=1, routed)           0.437     0.632    u_adder_w_mult/i_inputB_IBUF[11]
    SLICE_X0Y22          LUT5 (Prop_lut5_I4_O)        0.045     0.677 r  u_adder_w_mult/resultado0_inferred__0/o_result_OBUF[11]_inst_i_1/O
                         net (fo=1, routed)           0.551     1.229    o_result_OBUF[11]
    M15                  OBUF (Prop_obuf_I_O)         1.114     2.343 r  o_result_OBUF[11]_inst/O
                         net (fo=0)                   0.000     2.343    o_result[11]
    M15                                                               r  o_result[11] (OUT)
  -------------------------------------------------------------------    -------------------

Slack:                    inf
  Source:                 i_inputB[8]
                            (input port)
  Destination:            o_result[8]
                            (output port)
  Path Group:             (none)
  Path Type:              Min at Fast Process Corner
  Data Path Delay:        2.431ns  (logic 1.365ns (56.154%)  route 1.066ns (43.846%))
  Logic Levels:           3  (IBUF=1 LUT2=1 OBUF=1)

    Location             Delay type                Incr(ns)  Path(ns)    Netlist Resource(s)
  -------------------------------------------------------------------    -------------------
    R17                                               0.000     0.000 r  i_inputB[8] (IN)
                         net (fo=0)                   0.000     0.000    i_inputB[8]
    R17                  IBUF (Prop_ibuf_I_O)         0.187     0.187 r  i_inputB_IBUF[8]_inst/O
                         net (fo=4, routed)           0.535     0.722    i_inputB_IBUF[8]
    SLICE_X0Y22          LUT2 (Prop_lut2_I1_O)        0.045     0.767 r  o_result_OBUF[8]_inst_i_1/O
                         net (fo=1, routed)           0.531     1.298    o_result_OBUF[8]
    M14                  OBUF (Prop_obuf_I_O)         1.133     2.431 r  o_result_OBUF[8]_inst/O
                         net (fo=0)                   0.000     2.431    o_result[8]
    M14                                                               r  o_result[8] (OUT)
  -------------------------------------------------------------------    -------------------

Slack:                    inf
  Source:                 i_inputB[7]
                            (input port)
  Destination:            o_result[6]
                            (output port)
  Path Group:             (none)
  Path Type:              Min at Fast Process Corner
  Data Path Delay:        2.441ns  (logic 1.496ns (61.259%)  route 0.946ns (38.741%))
  Logic Levels:           4  (CARRY4=1 IBUF=1 LUT5=1 OBUF=1)

    Location             Delay type                Incr(ns)  Path(ns)    Netlist Resource(s)
  -------------------------------------------------------------------    -------------------
    R18                                               0.000     0.000 r  i_inputB[7] (IN)
                         net (fo=0)                   0.000     0.000    i_inputB[7]
    R18                  IBUF (Prop_ibuf_I_O)         0.191     0.191 r  i_inputB_IBUF[7]_inst/O
                         net (fo=23, routed)          0.422     0.613    u_adder_w_mult/i_inputB_IBUF[7]
    SLICE_X3Y19          LUT5 (Prop_lut5_I3_O)        0.045     0.658 r  u_adder_w_mult/o_result_OBUF[7]_inst_i_6/O
                         net (fo=1, routed)           0.000     0.658    u_adder_w_mult/o_result_OBUF[7]_inst_i_6_n_0
    SLICE_X3Y19          CARRY4 (Prop_carry4_S[2]_O[2])
                                                      0.066     0.724 r  u_adder_w_mult/o_result_OBUF[7]_inst_i_1/O[2]
                         net (fo=1, routed)           0.524     1.248    o_result_OBUF[6]
    N16                  OBUF (Prop_obuf_I_O)         1.194     2.441 r  o_result_OBUF[6]_inst/O
                         net (fo=0)                   0.000     2.441    o_result[6]
    N16                                                               r  o_result[6] (OUT)
  -------------------------------------------------------------------    -------------------

Slack:                    inf
  Source:                 i_inputB[8]
                            (input port)
  Destination:            o_result[9]
                            (output port)
  Path Group:             (none)
  Path Type:              Min at Fast Process Corner
  Data Path Delay:        2.444ns  (logic 1.416ns (57.944%)  route 1.028ns (42.056%))
  Logic Levels:           3  (IBUF=1 LUT4=1 OBUF=1)

    Location             Delay type                Incr(ns)  Path(ns)    Netlist Resource(s)
  -------------------------------------------------------------------    -------------------
    R17                                               0.000     0.000 r  i_inputB[8] (IN)
                         net (fo=0)                   0.000     0.000    i_inputB[8]
    R17                  IBUF (Prop_ibuf_I_O)         0.187     0.187 r  i_inputB_IBUF[8]_inst/O
                         net (fo=4, routed)           0.481     0.668    u_adder_w_mult/i_inputB_IBUF[8]
    SLICE_X0Y22          LUT4 (Prop_lut4_I0_O)        0.042     0.710 r  u_adder_w_mult/resultado0_inferred__0/o_result_OBUF[9]_inst_i_1/O
                         net (fo=1, routed)           0.547     1.257    o_result_OBUF[9]
    M17                  OBUF (Prop_obuf_I_O)         1.187     2.444 r  o_result_OBUF[9]_inst/O
                         net (fo=0)                   0.000     2.444    o_result[9]
    M17                                                               r  o_result[9] (OUT)
  -------------------------------------------------------------------    -------------------

Slack:                    inf
  Source:                 i_inputB[6]
                            (input port)
  Destination:            o_result[7]
                            (output port)
  Path Group:             (none)
  Path Type:              Min at Fast Process Corner
  Data Path Delay:        2.461ns  (logic 1.499ns (60.888%)  route 0.963ns (39.112%))
  Logic Levels:           4  (CARRY4=1 IBUF=1 LUT6=1 OBUF=1)

    Location             Delay type                Incr(ns)  Path(ns)    Netlist Resource(s)
  -------------------------------------------------------------------    -------------------
    T18                                               0.000     0.000 r  i_inputB[6] (IN)
                         net (fo=0)                   0.000     0.000    i_inputB[6]
    T18                  IBUF (Prop_ibuf_I_O)         0.189     0.189 r  i_inputB_IBUF[6]_inst/O
                         net (fo=20, routed)          0.414     0.603    u_adder_w_mult/i_inputB_IBUF[6]
    SLICE_X3Y19          LUT6 (Prop_lut6_I0_O)        0.045     0.648 r  u_adder_w_mult/o_result_OBUF[7]_inst_i_5/O
                         net (fo=1, routed)           0.000     0.648    u_adder_w_mult/o_result_OBUF[7]_inst_i_5_n_0
    SLICE_X3Y19          CARRY4 (Prop_carry4_S[3]_O[3])
                                                      0.063     0.711 r  u_adder_w_mult/o_result_OBUF[7]_inst_i_1/O[3]
                         net (fo=1, routed)           0.549     1.260    o_result_OBUF[7]
    N14                  OBUF (Prop_obuf_I_O)         1.201     2.461 r  o_result_OBUF[7]_inst/O
                         net (fo=0)                   0.000     2.461    o_result[7]
    N14                                                               r  o_result[7] (OUT)
  -------------------------------------------------------------------    -------------------

Slack:                    inf
  Source:                 i_inputB[7]
                            (input port)
  Destination:            o_result[1]
                            (output port)
  Path Group:             (none)
  Path Type:              Min at Fast Process Corner
  Data Path Delay:        2.515ns  (logic 1.493ns (59.346%)  route 1.023ns (40.654%))
  Logic Levels:           4  (CARRY4=1 IBUF=1 LUT6=1 OBUF=1)

    Location             Delay type                Incr(ns)  Path(ns)    Netlist Resource(s)
  -------------------------------------------------------------------    -------------------
    R18                                               0.000     0.000 r  i_inputB[7] (IN)
                         net (fo=0)                   0.000     0.000    i_inputB[7]
    R18                  IBUF (Prop_ibuf_I_O)         0.191     0.191 r  i_inputB_IBUF[7]_inst/O
                         net (fo=23, routed)          0.503     0.694    u_adder_w_mult/i_inputB_IBUF[7]
    SLICE_X3Y18          LUT6 (Prop_lut6_I5_O)        0.045     0.739 r  u_adder_w_mult/o_result_OBUF[3]_inst_i_9/O
                         net (fo=1, routed)           0.000     0.739    u_adder_w_mult/o_result_OBUF[3]_inst_i_9_n_0
    SLICE_X3Y18          CARRY4 (Prop_carry4_S[1]_O[1])
                                                      0.065     0.804 r  u_adder_w_mult/o_result_OBUF[3]_inst_i_1/O[1]
                         net (fo=1, routed)           0.520     1.323    o_result_OBUF[1]
    P16                  OBUF (Prop_obuf_I_O)         1.192     2.515 r  o_result_OBUF[1]_inst/O
                         net (fo=0)                   0.000     2.515    o_result[1]
    P16                                                               r  o_result[1] (OUT)
  -------------------------------------------------------------------    -------------------

Slack:                    inf
  Source:                 i_inputB[7]
                            (input port)
  Destination:            o_result[2]
                            (output port)
  Path Group:             (none)
  Path Type:              Min at Fast Process Corner
  Data Path Delay:        2.552ns  (logic 1.581ns (61.971%)  route 0.970ns (38.029%))
  Logic Levels:           4  (CARRY4=1 IBUF=1 LUT6=1 OBUF=1)

    Location             Delay type                Incr(ns)  Path(ns)    Netlist Resource(s)
  -------------------------------------------------------------------    -------------------
    R18                                               0.000     0.000 r  i_inputB[7] (IN)
                         net (fo=0)                   0.000     0.000    i_inputB[7]
    R18                  IBUF (Prop_ibuf_I_O)         0.191     0.191 r  i_inputB_IBUF[7]_inst/O
                         net (fo=23, routed)          0.503     0.694    u_adder_w_mult/i_inputB_IBUF[7]
    SLICE_X3Y18          LUT6 (Prop_lut6_I5_O)        0.045     0.739 r  u_adder_w_mult/o_result_OBUF[3]_inst_i_9/O
                         net (fo=1, routed)           0.000     0.739    u_adder_w_mult/o_result_OBUF[3]_inst_i_9_n_0
    SLICE_X3Y18          CARRY4 (Prop_carry4_S[1]_O[2])
                                                      0.152     0.891 r  u_adder_w_mult/o_result_OBUF[3]_inst_i_1/O[2]
                         net (fo=1, routed)           0.467     1.358    o_result_OBUF[2]
    P15                  OBUF (Prop_obuf_I_O)         1.194     2.552 r  o_result_OBUF[2]_inst/O
                         net (fo=0)                   0.000     2.552    o_result[2]
    P15                                                               r  o_result[2] (OUT)
  -------------------------------------------------------------------    -------------------

Slack:                    inf
  Source:                 i_inputB[7]
                            (input port)
  Destination:            o_result[3]
                            (output port)
  Path Group:             (none)
  Path Type:              Min at Fast Process Corner
  Data Path Delay:        2.573ns  (logic 1.605ns (62.356%)  route 0.969ns (37.644%))
  Logic Levels:           4  (CARRY4=1 IBUF=1 LUT6=1 OBUF=1)

    Location             Delay type                Incr(ns)  Path(ns)    Netlist Resource(s)
  -------------------------------------------------------------------    -------------------
    R18                                               0.000     0.000 r  i_inputB[7] (IN)
                         net (fo=0)                   0.000     0.000    i_inputB[7]
    R18                  IBUF (Prop_ibuf_I_O)         0.191     0.191 r  i_inputB_IBUF[7]_inst/O
                         net (fo=23, routed)          0.503     0.694    u_adder_w_mult/i_inputB_IBUF[7]
    SLICE_X3Y18          LUT6 (Prop_lut6_I5_O)        0.045     0.739 r  u_adder_w_mult/o_result_OBUF[3]_inst_i_9/O
                         net (fo=1, routed)           0.000     0.739    u_adder_w_mult/o_result_OBUF[3]_inst_i_9_n_0
    SLICE_X3Y18          CARRY4 (Prop_carry4_S[1]_O[3])
                                                      0.172     0.911 r  u_adder_w_mult/o_result_OBUF[3]_inst_i_1/O[3]
                         net (fo=1, routed)           0.466     1.377    o_result_OBUF[3]
    P18                  OBUF (Prop_obuf_I_O)         1.197     2.573 r  o_result_OBUF[3]_inst/O
                         net (fo=0)                   0.000     2.573    o_result[3]
    P18                                                               r  o_result[3] (OUT)
  -------------------------------------------------------------------    -------------------





